// Jest Snapshot v1, https://goo.gl/fbAQLP

exports[`renders without crashing and match snapshoot 1`] = `
<div
  className="Picker"
>
  <button
    className="avatarButton false"
    onClick={[Function]}
  >
    <img
      alt="Avatar 1"
      className="avatar"
      id="avatarPicker"
      src="images/avatar/avatar1.png"
    />
  </button>
</div>
`;
